# Conversion map from CCS path to InfluxDb data location and corresponding tags.
# Each line contains the following information:
# CCS_path  Topic_full_name Field_name Map_of_tags
ats-fp/runtimeInfo/mapped/nBuffers lsst.sal.ATCamera.runtimeInfo_buffer_pool nBuffers {Buffer=mapped, Agent=ats-fp}
ats-fp/runtimeInfo/direct/nBuffers lsst.sal.ATCamera.runtimeInfo_buffer_pool nBuffers {Buffer=direct, Agent=ats-fp}
ats-fp/runtimeInfo/mapped - 'non-volatile memory'/nBuffers lsst.sal.ATCamera.runtimeInfo_buffer_pool nBuffers {Buffer=nonVolatile, Agent=ats-fp}
ats-fp/runtimeInfo/mapped/memoryUsed lsst.sal.ATCamera.runtimeInfo_buffer_pool memoryUsed {Buffer=mapped, Agent=ats-fp}
ats-fp/runtimeInfo/direct/memoryUsed lsst.sal.ATCamera.runtimeInfo_buffer_pool memoryUsed {Buffer=direct, Agent=ats-fp}
ats-fp/runtimeInfo/mapped - 'non-volatile memory'/memoryUsed lsst.sal.ATCamera.runtimeInfo_buffer_pool memoryUsed {Buffer=nonVolatile, Agent=ats-fp}
ats-fp/runtimeInfo/mapped/totalCapacity lsst.sal.ATCamera.runtimeInfo_buffer_pool totalCapacity {Buffer=mapped, Agent=ats-fp}
ats-fp/runtimeInfo/direct/totalCapacity lsst.sal.ATCamera.runtimeInfo_buffer_pool totalCapacity {Buffer=direct, Agent=ats-fp}
ats-fp/runtimeInfo/mapped - 'non-volatile memory'/totalCapacity lsst.sal.ATCamera.runtimeInfo_buffer_pool totalCapacity {Buffer=nonVolatile, Agent=ats-fp}
ats-fp/runtimeInfo/nThreads lsst.sal.ATCamera.runtimeInfo nThreads {Agent=ats-fp}
ats-fp/runtimeInfo/maxMemory lsst.sal.ATCamera.runtimeInfo maxMemory {Agent=ats-fp}
ats-fp/runtimeInfo/totalMemory lsst.sal.ATCamera.runtimeInfo totalMemory {Agent=ats-fp}
ats-fp/runtimeInfo/freeMemory lsst.sal.ATCamera.runtimeInfo freeMemory {Agent=ats-fp}
ats-fp/runtimeInfo/usedMemory lsst.sal.ATCamera.runtimeInfo usedMemory {Agent=ats-fp}
ats-fp/runtimeInfo/availableMemory lsst.sal.ATCamera.runtimeInfo availableMemory {Agent=ats-fp}
ats-fp/runtimeInfo/processCpuLoad lsst.sal.ATCamera.runtimeInfo processCpuLoad {Agent=ats-fp}
ats-fp/runtimeInfo/systemCpuLoad lsst.sal.ATCamera.runtimeInfo systemCpuLoad {Agent=ats-fp}
ats-fp/runtimeInfo/uptime lsst.sal.ATCamera.runtimeInfo uptime {Agent=ats-fp}
ats-fp/versions/agent/version lsst.sal.ATCamera.version version {VersionType=agent, Agent=ats-fp}
ats-fp/versions/toolkit/version lsst.sal.ATCamera.version version {VersionType=toolkit, Agent=ats-fp}
ats-fp/versions/distribution/version lsst.sal.ATCamera.version version {VersionType=distribution, Agent=ats-fp}
ats-fp/R00/RebW/AspicU/Temp0 lsst.sal.ATCamera.focal_plane_aspic_temp temperature {Raft=R00, Reb=RebW, Aspic=AspicU, Location=Temp0, Agent=ats-fp}
ats-fp/R00/RebW/AspicU/Temp0/state lsst.sal.ATCamera.focal_plane_aspic_temp temperature_state {Raft=R00, Reb=RebW, Aspic=AspicU, Location=Temp0, Agent=ats-fp}
ats-fp/R00/RebW/AspicL/Temp0 lsst.sal.ATCamera.focal_plane_aspic_temp temperature {Raft=R00, Reb=RebW, Aspic=AspicL, Location=Temp0, Agent=ats-fp}
ats-fp/R00/RebW/AspicL/Temp0/state lsst.sal.ATCamera.focal_plane_aspic_temp temperature_state {Raft=R00, Reb=RebW, Aspic=AspicL, Location=Temp0, Agent=ats-fp}
ats-fp/R00/RebW/SW/Temp lsst.sal.ATCamera.focal_plane_sensor Temp {Raft=R00, Reb=RebW, Sensor=SW, Agent=ats-fp}
ats-fp/R00/RebW/SW/Temp/state lsst.sal.ATCamera.focal_plane_sensor Temp_state {Raft=R00, Reb=RebW, Sensor=SW, Agent=ats-fp}
ats-fp/R00/RebW/SW/ODV lsst.sal.ATCamera.focal_plane_sensor ODV {Raft=R00, Reb=RebW, Sensor=SW, Agent=ats-fp}
ats-fp/R00/RebW/SW/ODV/state lsst.sal.ATCamera.focal_plane_sensor ODV_state {Raft=R00, Reb=RebW, Sensor=SW, Agent=ats-fp}
ats-fp/R00/RebW/SW/OGV lsst.sal.ATCamera.focal_plane_sensor OGV {Raft=R00, Reb=RebW, Sensor=SW, Agent=ats-fp}
ats-fp/R00/RebW/SW/OGV/state lsst.sal.ATCamera.focal_plane_sensor OGV_state {Raft=R00, Reb=RebW, Sensor=SW, Agent=ats-fp}
ats-fp/R00/RebW/SW/RDV lsst.sal.ATCamera.focal_plane_sensor RDV {Raft=R00, Reb=RebW, Sensor=SW, Agent=ats-fp}
ats-fp/R00/RebW/SW/RDV/state lsst.sal.ATCamera.focal_plane_sensor RDV_state {Raft=R00, Reb=RebW, Sensor=SW, Agent=ats-fp}
ats-fp/R00/RebW/SW/GDV lsst.sal.ATCamera.focal_plane_sensor GDV {Raft=R00, Reb=RebW, Sensor=SW, Agent=ats-fp}
ats-fp/R00/RebW/SW/GDV/state lsst.sal.ATCamera.focal_plane_sensor GDV_state {Raft=R00, Reb=RebW, Sensor=SW, Agent=ats-fp}
ats-fp/R00/RebW/SW/ODI lsst.sal.ATCamera.focal_plane_sensor ODI {Raft=R00, Reb=RebW, Sensor=SW, Agent=ats-fp}
ats-fp/R00/RebW/SW/ODI/state lsst.sal.ATCamera.focal_plane_sensor ODI_state {Raft=R00, Reb=RebW, Sensor=SW, Agent=ats-fp}
ats-fp/R00/RebW/Temp1 lsst.sal.ATCamera.focal_plane_reb_temp temperature {Raft=R00, Reb=RebW, Location=Temp1, Agent=ats-fp}
ats-fp/R00/RebW/Temp1/state lsst.sal.ATCamera.focal_plane_reb_temp temperature_state {Raft=R00, Reb=RebW, Location=Temp1, Agent=ats-fp}
ats-fp/R00/RebW/Temp2 lsst.sal.ATCamera.focal_plane_reb_temp temperature {Raft=R00, Reb=RebW, Location=Temp2, Agent=ats-fp}
ats-fp/R00/RebW/Temp2/state lsst.sal.ATCamera.focal_plane_reb_temp temperature_state {Raft=R00, Reb=RebW, Location=Temp2, Agent=ats-fp}
ats-fp/R00/RebW/Temp3 lsst.sal.ATCamera.focal_plane_reb_temp temperature {Raft=R00, Reb=RebW, Location=Temp3, Agent=ats-fp}
ats-fp/R00/RebW/Temp3/state lsst.sal.ATCamera.focal_plane_reb_temp temperature_state {Raft=R00, Reb=RebW, Location=Temp3, Agent=ats-fp}
ats-fp/R00/RebW/Temp4 lsst.sal.ATCamera.focal_plane_reb_temp temperature {Raft=R00, Reb=RebW, Location=Temp4, Agent=ats-fp}
ats-fp/R00/RebW/Temp4/state lsst.sal.ATCamera.focal_plane_reb_temp temperature_state {Raft=R00, Reb=RebW, Location=Temp4, Agent=ats-fp}
ats-fp/R00/RebW/Temp5 lsst.sal.ATCamera.focal_plane_reb_temp temperature {Raft=R00, Reb=RebW, Location=Temp5, Agent=ats-fp}
ats-fp/R00/RebW/Temp5/state lsst.sal.ATCamera.focal_plane_reb_temp temperature_state {Raft=R00, Reb=RebW, Location=Temp5, Agent=ats-fp}
ats-fp/R00/RebW/Temp6 lsst.sal.ATCamera.focal_plane_reb_temp temperature {Raft=R00, Reb=RebW, Location=Temp6, Agent=ats-fp}
ats-fp/R00/RebW/Temp6/state lsst.sal.ATCamera.focal_plane_reb_temp temperature_state {Raft=R00, Reb=RebW, Location=Temp6, Agent=ats-fp}
ats-fp/R00/RebW/HVBiasSwitch lsst.sal.ATCamera.focal_plane_reb_data HVBiasSwitch {Raft=R00, Reb=RebW, Agent=ats-fp}
ats-fp/R00/RebW/HVBiasSwitch/state lsst.sal.ATCamera.focal_plane_reb_data HVBiasSwitch_state {Raft=R00, Reb=RebW, Agent=ats-fp}
ats-fp/R00/RebW/RTDTemp lsst.sal.ATCamera.focal_plane_reb_temp temperature {Raft=R00, Reb=RebW, Location=RTD, Agent=ats-fp}
ats-fp/R00/RebW/RTDTemp/state lsst.sal.ATCamera.focal_plane_reb_temp temperature_state {Raft=R00, Reb=RebW, Location=RTD, Agent=ats-fp}
ats-fp/R00/RebW/HtrV lsst.sal.ATCamera.focal_plane_reb_data HtrV {Raft=R00, Reb=RebW, Agent=ats-fp}
ats-fp/R00/RebW/HtrV/state lsst.sal.ATCamera.focal_plane_reb_data HtrV_state {Raft=R00, Reb=RebW, Agent=ats-fp}
ats-fp/R00/RebW/HtrW lsst.sal.ATCamera.focal_plane_reb_data HtrW {Raft=R00, Reb=RebW, Agent=ats-fp}
ats-fp/R00/RebW/HtrW/state lsst.sal.ATCamera.focal_plane_reb_data HtrW_state {Raft=R00, Reb=RebW, Agent=ats-fp}
ats-fp/R00/RebW/DigV lsst.sal.ATCamera.focal_plane_reb_data DigV {Raft=R00, Reb=RebW, Agent=ats-fp}
ats-fp/R00/RebW/DigV/state lsst.sal.ATCamera.focal_plane_reb_data DigV_state {Raft=R00, Reb=RebW, Agent=ats-fp}
ats-fp/R00/RebW/DigI lsst.sal.ATCamera.focal_plane_reb_data DigI {Raft=R00, Reb=RebW, Agent=ats-fp}
ats-fp/R00/RebW/DigI/state lsst.sal.ATCamera.focal_plane_reb_data DigI_state {Raft=R00, Reb=RebW, Agent=ats-fp}
ats-fp/R00/RebW/AnaV lsst.sal.ATCamera.focal_plane_reb_data AnaV {Raft=R00, Reb=RebW, Agent=ats-fp}
ats-fp/R00/RebW/AnaV/state lsst.sal.ATCamera.focal_plane_reb_data AnaV_state {Raft=R00, Reb=RebW, Agent=ats-fp}
ats-fp/R00/RebW/AnaI lsst.sal.ATCamera.focal_plane_reb_data AnaI {Raft=R00, Reb=RebW, Agent=ats-fp}
ats-fp/R00/RebW/AnaI/state lsst.sal.ATCamera.focal_plane_reb_data AnaI_state {Raft=R00, Reb=RebW, Agent=ats-fp}
ats-fp/R00/RebW/ClkHV lsst.sal.ATCamera.focal_plane_reb_data ClkHV {Raft=R00, Reb=RebW, Agent=ats-fp}
ats-fp/R00/RebW/ClkHV/state lsst.sal.ATCamera.focal_plane_reb_data ClkHV_state {Raft=R00, Reb=RebW, Agent=ats-fp}
ats-fp/R00/RebW/ClkHI lsst.sal.ATCamera.focal_plane_reb_data ClkHI {Raft=R00, Reb=RebW, Agent=ats-fp}
ats-fp/R00/RebW/ClkHI/state lsst.sal.ATCamera.focal_plane_reb_data ClkHI_state {Raft=R00, Reb=RebW, Agent=ats-fp}
ats-fp/R00/RebW/ClkLV lsst.sal.ATCamera.focal_plane_reb_data ClkLV {Raft=R00, Reb=RebW, Agent=ats-fp}
ats-fp/R00/RebW/ClkLV/state lsst.sal.ATCamera.focal_plane_reb_data ClkLV_state {Raft=R00, Reb=RebW, Agent=ats-fp}
ats-fp/R00/RebW/ODV lsst.sal.ATCamera.focal_plane_reb_data ODV {Raft=R00, Reb=RebW, Agent=ats-fp}
ats-fp/R00/RebW/ODV/state lsst.sal.ATCamera.focal_plane_reb_data ODV_state {Raft=R00, Reb=RebW, Agent=ats-fp}
ats-fp/R00/RebW/ODI lsst.sal.ATCamera.focal_plane_reb_data ODI {Raft=R00, Reb=RebW, Agent=ats-fp}
ats-fp/R00/RebW/ODI/state lsst.sal.ATCamera.focal_plane_reb_data ODI_state {Raft=R00, Reb=RebW, Agent=ats-fp}
ats-fp/R00/RebW/HtrPV lsst.sal.ATCamera.focal_plane_reb_data HtrPV {Raft=R00, Reb=RebW, Agent=ats-fp}
ats-fp/R00/RebW/HtrPV/state lsst.sal.ATCamera.focal_plane_reb_data HtrPV_state {Raft=R00, Reb=RebW, Agent=ats-fp}
ats-fp/R00/RebW/HtrPI lsst.sal.ATCamera.focal_plane_reb_data HtrPI {Raft=R00, Reb=RebW, Agent=ats-fp}
ats-fp/R00/RebW/HtrPI/state lsst.sal.ATCamera.focal_plane_reb_data HtrPI_state {Raft=R00, Reb=RebW, Agent=ats-fp}
ats-fp/R00/RebW/Power lsst.sal.ATCamera.rebpower_power power {Raft=R00, Reb=RebW, Agent=ats-fp}
ats-fp/R00/RebW/Power/state lsst.sal.ATCamera.rebpower_power power_state {Raft=R00, Reb=RebW, Agent=ats-fp}
ats-fp/R00/RebW/PClkU lsst.sal.ATCamera.focal_plane_reb_data PClkU {Raft=R00, Reb=RebW, Agent=ats-fp}
ats-fp/R00/RebW/PClkU/state lsst.sal.ATCamera.focal_plane_reb_data PClkU_state {Raft=R00, Reb=RebW, Agent=ats-fp}
ats-fp/R00/RebW/PClkL lsst.sal.ATCamera.focal_plane_reb_data PClkL {Raft=R00, Reb=RebW, Agent=ats-fp}
ats-fp/R00/RebW/PClkL/state lsst.sal.ATCamera.focal_plane_reb_data PClkL_state {Raft=R00, Reb=RebW, Agent=ats-fp}
ats-fp/R00/RebW/SClkU lsst.sal.ATCamera.focal_plane_reb_data SClkU {Raft=R00, Reb=RebW, Agent=ats-fp}
ats-fp/R00/RebW/SClkU/state lsst.sal.ATCamera.focal_plane_reb_data SClkU_state {Raft=R00, Reb=RebW, Agent=ats-fp}
ats-fp/R00/RebW/SClkL lsst.sal.ATCamera.focal_plane_reb_data SClkL {Raft=R00, Reb=RebW, Agent=ats-fp}
ats-fp/R00/RebW/SClkL/state lsst.sal.ATCamera.focal_plane_reb_data SClkL_state {Raft=R00, Reb=RebW, Agent=ats-fp}
ats-fp/R00/RebW/RGU lsst.sal.ATCamera.focal_plane_reb_data RGU {Raft=R00, Reb=RebW, Agent=ats-fp}
ats-fp/R00/RebW/RGU/state lsst.sal.ATCamera.focal_plane_reb_data RGU_state {Raft=R00, Reb=RebW, Agent=ats-fp}
ats-fp/R00/RebW/RGL lsst.sal.ATCamera.focal_plane_reb_data RGL {Raft=R00, Reb=RebW, Agent=ats-fp}
ats-fp/R00/RebW/RGL/state lsst.sal.ATCamera.focal_plane_reb_data RGL_state {Raft=R00, Reb=RebW, Agent=ats-fp}
ats-fp/R00/RebW/PClk0 lsst.sal.ATCamera.focal_plane_reb_data PClk0 {Raft=R00, Reb=RebW, Agent=ats-fp}
ats-fp/R00/RebW/PClk0/state lsst.sal.ATCamera.focal_plane_reb_data PClk0_state {Raft=R00, Reb=RebW, Agent=ats-fp}
ats-fp/R00/RebW/SClk0 lsst.sal.ATCamera.focal_plane_reb_data SClk0 {Raft=R00, Reb=RebW, Agent=ats-fp}
ats-fp/R00/RebW/SClk0/state lsst.sal.ATCamera.focal_plane_reb_data SClk0_state {Raft=R00, Reb=RebW, Agent=ats-fp}
ats-fp/R00/RebW/RG0 lsst.sal.ATCamera.focal_plane_reb_data RG0 {Raft=R00, Reb=RebW, Agent=ats-fp}
ats-fp/R00/RebW/RG0/state lsst.sal.ATCamera.focal_plane_reb_data RG0_state {Raft=R00, Reb=RebW, Agent=ats-fp}
ats-fp/RebTotalPower lsst.sal.ATCamera.rebtotalpower rebtotalpower {Agent=ats-fp}
ats-fp/RebTotalPower/state lsst.sal.ATCamera.rebtotalpower rebtotalpower_state {Agent=ats-fp}
ats-fp/RebsAverageTemp6 lsst.sal.ATCamera.focal_plane_reb_avg_temp temperature {Agent=ats-fp}
ats-fp/RebsAverageTemp6/state lsst.sal.ATCamera.focal_plane_reb_avg_temp temperature_state {Agent=ats-fp}
ats-daq-monitor/runtimeInfo/mapped/nBuffers lsst.sal.ATCamera.runtimeInfo_buffer_pool nBuffers {Buffer=mapped, Agent=ats-daq-monitor}
ats-daq-monitor/runtimeInfo/direct/nBuffers lsst.sal.ATCamera.runtimeInfo_buffer_pool nBuffers {Buffer=direct, Agent=ats-daq-monitor}
ats-daq-monitor/runtimeInfo/mapped - 'non-volatile memory'/nBuffers lsst.sal.ATCamera.runtimeInfo_buffer_pool nBuffers {Buffer=nonVolatile, Agent=ats-daq-monitor}
ats-daq-monitor/runtimeInfo/mapped/memoryUsed lsst.sal.ATCamera.runtimeInfo_buffer_pool memoryUsed {Buffer=mapped, Agent=ats-daq-monitor}
ats-daq-monitor/runtimeInfo/direct/memoryUsed lsst.sal.ATCamera.runtimeInfo_buffer_pool memoryUsed {Buffer=direct, Agent=ats-daq-monitor}
ats-daq-monitor/runtimeInfo/mapped - 'non-volatile memory'/memoryUsed lsst.sal.ATCamera.runtimeInfo_buffer_pool memoryUsed {Buffer=nonVolatile, Agent=ats-daq-monitor}
ats-daq-monitor/runtimeInfo/mapped/totalCapacity lsst.sal.ATCamera.runtimeInfo_buffer_pool totalCapacity {Buffer=mapped, Agent=ats-daq-monitor}
ats-daq-monitor/runtimeInfo/direct/totalCapacity lsst.sal.ATCamera.runtimeInfo_buffer_pool totalCapacity {Buffer=direct, Agent=ats-daq-monitor}
ats-daq-monitor/runtimeInfo/mapped - 'non-volatile memory'/totalCapacity lsst.sal.ATCamera.runtimeInfo_buffer_pool totalCapacity {Buffer=nonVolatile, Agent=ats-daq-monitor}
ats-daq-monitor/runtimeInfo/nThreads lsst.sal.ATCamera.runtimeInfo nThreads {Agent=ats-daq-monitor}
ats-daq-monitor/runtimeInfo/maxMemory lsst.sal.ATCamera.runtimeInfo maxMemory {Agent=ats-daq-monitor}
ats-daq-monitor/runtimeInfo/totalMemory lsst.sal.ATCamera.runtimeInfo totalMemory {Agent=ats-daq-monitor}
ats-daq-monitor/runtimeInfo/freeMemory lsst.sal.ATCamera.runtimeInfo freeMemory {Agent=ats-daq-monitor}
ats-daq-monitor/runtimeInfo/usedMemory lsst.sal.ATCamera.runtimeInfo usedMemory {Agent=ats-daq-monitor}
ats-daq-monitor/runtimeInfo/availableMemory lsst.sal.ATCamera.runtimeInfo availableMemory {Agent=ats-daq-monitor}
ats-daq-monitor/runtimeInfo/processCpuLoad lsst.sal.ATCamera.runtimeInfo processCpuLoad {Agent=ats-daq-monitor}
ats-daq-monitor/runtimeInfo/systemCpuLoad lsst.sal.ATCamera.runtimeInfo systemCpuLoad {Agent=ats-daq-monitor}
ats-daq-monitor/runtimeInfo/uptime lsst.sal.ATCamera.runtimeInfo uptime {Agent=ats-daq-monitor}
ats-daq-monitor/R00/RebW/Rms/probes lsst.sal.ATCamera.daq_mon_rms probes {Raft=R00, Reb=RebW, Agent=ats-daq-monitor}
ats-daq-monitor/R00/RebW/Rms/unopened lsst.sal.ATCamera.daq_mon_rms unopened {Raft=R00, Reb=RebW, Agent=ats-daq-monitor}
ats-daq-monitor/R00/RebW/Rms/in_reset lsst.sal.ATCamera.daq_mon_rms in_reset {Raft=R00, Reb=RebW, Agent=ats-daq-monitor}
ats-daq-monitor/R00/RebW/Rms/link_down lsst.sal.ATCamera.daq_mon_rms link_down {Raft=R00, Reb=RebW, Agent=ats-daq-monitor}
ats-daq-monitor/R00/RebW/Rms/lists_posted lsst.sal.ATCamera.daq_mon_rms lists_posted {Raft=R00, Reb=RebW, Agent=ats-daq-monitor}
ats-daq-monitor/R00/RebW/Rms/ops_posted lsst.sal.ATCamera.daq_mon_rms ops_posted {Raft=R00, Reb=RebW, Agent=ats-daq-monitor}
ats-daq-monitor/R00/RebW/Rms/waits lsst.sal.ATCamera.daq_mon_rms waits {Raft=R00, Reb=RebW, Agent=ats-daq-monitor}
ats-daq-monitor/R00/RebW/Rms/responses lsst.sal.ATCamera.daq_mon_rms responses {Raft=R00, Reb=RebW, Agent=ats-daq-monitor}
ats-daq-monitor/R00/RebW/Rms/inv_tids lsst.sal.ATCamera.daq_mon_rms inv_tids {Raft=R00, Reb=RebW, Agent=ats-daq-monitor}
ats-daq-monitor/R00/RebW/Rms/orphans lsst.sal.ATCamera.daq_mon_rms orphans {Raft=R00, Reb=RebW, Agent=ats-daq-monitor}
ats-daq-monitor/R00/RebW/Rms/rundowns lsst.sal.ATCamera.daq_mon_rms rundowns {Raft=R00, Reb=RebW, Agent=ats-daq-monitor}
ats-daq-monitor/R00/RebW/Rms/tid_hwm lsst.sal.ATCamera.daq_mon_rms tid_hwm {Raft=R00, Reb=RebW, Agent=ats-daq-monitor}
ats-daq-monitor/R00/RebW/Rds/wakes lsst.sal.ATCamera.daq_mon_rds wakes {Raft=R00, Reb=RebW, Agent=ats-daq-monitor}
ats-daq-monitor/R00/RebW/Rds/discards lsst.sal.ATCamera.daq_mon_rds discards {Raft=R00, Reb=RebW, Agent=ats-daq-monitor}
ats-daq-monitor/R00/RebW/Rds/no_event lsst.sal.ATCamera.daq_mon_rds no_event {Raft=R00, Reb=RebW, Agent=ats-daq-monitor}
ats-daq-monitor/R00/RebW/Rds/bdi_waits lsst.sal.ATCamera.daq_mon_rds bdi_waits {Raft=R00, Reb=RebW, Agent=ats-daq-monitor}
ats-daq-monitor/R00/RebW/Rds/bdi_nulls lsst.sal.ATCamera.daq_mon_rds bdi_nulls {Raft=R00, Reb=RebW, Agent=ats-daq-monitor}
ats-daq-monitor/R00/RebW/Rds/bdi_seq_errors lsst.sal.ATCamera.daq_mon_rds bdi_seq_errors {Raft=R00, Reb=RebW, Agent=ats-daq-monitor}
ats-daq-monitor/R00/RebW/Rds/bdi_overflows lsst.sal.ATCamera.daq_mon_rds bdi_overflows {Raft=R00, Reb=RebW, Agent=ats-daq-monitor}
ats-daq-monitor/R00/RebW/Rds/bdi_firsts lsst.sal.ATCamera.daq_mon_rds bdi_firsts {Raft=R00, Reb=RebW, Agent=ats-daq-monitor}
ats-daq-monitor/R00/RebW/Rds/bdi_lasts lsst.sal.ATCamera.daq_mon_rds bdi_lasts {Raft=R00, Reb=RebW, Agent=ats-daq-monitor}
ats-daq-monitor/R00/RebW/Rds/bdi_frees lsst.sal.ATCamera.daq_mon_rds bdi_frees {Raft=R00, Reb=RebW, Agent=ats-daq-monitor}
ats-daq-monitor/R00/RebW/Driver/received lsst.sal.ATCamera.daq_mon_driver received {Raft=R00, Reb=RebW, Agent=ats-daq-monitor}
ats-daq-monitor/R00/RebW/Driver/errors lsst.sal.ATCamera.daq_mon_driver errors {Raft=R00, Reb=RebW, Agent=ats-daq-monitor}
ats-daq-monitor/R00/RebW/Driver/rx0 lsst.sal.ATCamera.daq_mon_driver rx0 {Raft=R00, Reb=RebW, Agent=ats-daq-monitor}
ats-daq-monitor/R00/RebW/Driver/rx1 lsst.sal.ATCamera.daq_mon_driver rx1 {Raft=R00, Reb=RebW, Agent=ats-daq-monitor}
ats-daq-monitor/R00/RebW/Driver/rx2 lsst.sal.ATCamera.daq_mon_driver rx2 {Raft=R00, Reb=RebW, Agent=ats-daq-monitor}
ats-daq-monitor/R00/RebW/Driver/rx3 lsst.sal.ATCamera.daq_mon_driver rx3 {Raft=R00, Reb=RebW, Agent=ats-daq-monitor}
ats-daq-monitor/R00/RebW/Firmware/link_status lsst.sal.ATCamera.daq_mon_firmware link_status {Raft=R00, Reb=RebW, Agent=ats-daq-monitor}
ats-daq-monitor/R00/RebW/Firmware/rlink_data lsst.sal.ATCamera.daq_mon_firmware rlink_data {Raft=R00, Reb=RebW, Agent=ats-daq-monitor}
ats-daq-monitor/R00/RebW/Firmware/cell_errors lsst.sal.ATCamera.daq_mon_firmware cell_errors {Raft=R00, Reb=RebW, Agent=ats-daq-monitor}
ats-daq-monitor/R00/RebW/Firmware/link_down lsst.sal.ATCamera.daq_mon_firmware link_down {Raft=R00, Reb=RebW, Agent=ats-daq-monitor}
ats-daq-monitor/R00/RebW/Firmware/link_errors lsst.sal.ATCamera.daq_mon_firmware link_errors {Raft=R00, Reb=RebW, Agent=ats-daq-monitor}
ats-daq-monitor/R00/RebW/Firmware/overflow_remote0 lsst.sal.ATCamera.daq_mon_firmware overflow_remote0 {Raft=R00, Reb=RebW, Agent=ats-daq-monitor}
ats-daq-monitor/R00/RebW/Firmware/overflow_remote1 lsst.sal.ATCamera.daq_mon_firmware overflow_remote1 {Raft=R00, Reb=RebW, Agent=ats-daq-monitor}
ats-daq-monitor/R00/RebW/Firmware/overflow_remote2 lsst.sal.ATCamera.daq_mon_firmware overflow_remote2 {Raft=R00, Reb=RebW, Agent=ats-daq-monitor}
ats-daq-monitor/R00/RebW/Firmware/overflow_remote3 lsst.sal.ATCamera.daq_mon_firmware overflow_remote3 {Raft=R00, Reb=RebW, Agent=ats-daq-monitor}
ats-daq-monitor/R00/RebW/Firmware/rx_errors lsst.sal.ATCamera.daq_mon_firmware rx_errors {Raft=R00, Reb=RebW, Agent=ats-daq-monitor}
ats-daq-monitor/R00/RebW/Firmware/rx_frames lsst.sal.ATCamera.daq_mon_firmware rx_frames {Raft=R00, Reb=RebW, Agent=ats-daq-monitor}
ats-daq-monitor/R00/RebW/Firmware/overflow_local0 lsst.sal.ATCamera.daq_mon_firmware overflow_local0 {Raft=R00, Reb=RebW, Agent=ats-daq-monitor}
ats-daq-monitor/R00/RebW/Firmware/overflow_local1 lsst.sal.ATCamera.daq_mon_firmware overflow_local1 {Raft=R00, Reb=RebW, Agent=ats-daq-monitor}
ats-daq-monitor/R00/RebW/Firmware/overflow_local2 lsst.sal.ATCamera.daq_mon_firmware overflow_local2 {Raft=R00, Reb=RebW, Agent=ats-daq-monitor}
ats-daq-monitor/R00/RebW/Firmware/overflow_local3 lsst.sal.ATCamera.daq_mon_firmware overflow_local3 {Raft=R00, Reb=RebW, Agent=ats-daq-monitor}
ats-daq-monitor/R00/RebW/Firmware/tx_errors lsst.sal.ATCamera.daq_mon_firmware tx_errors {Raft=R00, Reb=RebW, Agent=ats-daq-monitor}
ats-daq-monitor/R00/RebW/Firmware/tx_frames lsst.sal.ATCamera.daq_mon_firmware tx_frames {Raft=R00, Reb=RebW, Agent=ats-daq-monitor}
ats-daq-monitor/R00/RebW/Firmware/rx_clock lsst.sal.ATCamera.daq_mon_firmware rx_clock {Raft=R00, Reb=RebW, Agent=ats-daq-monitor}
ats-daq-monitor/R00/RebW/Firmware/tx_clock lsst.sal.ATCamera.daq_mon_firmware tx_clock {Raft=R00, Reb=RebW, Agent=ats-daq-monitor}
ats-daq-monitor/R00/RebW/Firmware/last_tx lsst.sal.ATCamera.daq_mon_firmware last_tx {Raft=R00, Reb=RebW, Agent=ats-daq-monitor}
ats-daq-monitor/R00/RebW/Firmware/last_rx lsst.sal.ATCamera.daq_mon_firmware last_rx {Raft=R00, Reb=RebW, Agent=ats-daq-monitor}
ats-daq-monitor/R00/RebW/Firmware/tx_op lsst.sal.ATCamera.daq_mon_firmware tx_op {Raft=R00, Reb=RebW, Agent=ats-daq-monitor}
ats-daq-monitor/R00/RebW/Firmware/rx_op lsst.sal.ATCamera.daq_mon_firmware rx_op {Raft=R00, Reb=RebW, Agent=ats-daq-monitor}
ats-daq-monitor/versions/agent/version lsst.sal.ATCamera.version version {VersionType=agent, Agent=ats-daq-monitor}
ats-daq-monitor/versions/toolkit/version lsst.sal.ATCamera.version version {VersionType=toolkit, Agent=ats-daq-monitor}
ats-daq-monitor/versions/distribution/version lsst.sal.ATCamera.version version {VersionType=distribution, Agent=ats-daq-monitor}
ats-daq-monitor/Sum/Driver/errors lsst.sal.ATCamera.daq_mon_sum_driver errors {Agent=ats-daq-monitor}
ats-daq-monitor/Sum/Firmware/cell_errors lsst.sal.ATCamera.daq_mon_sum_firmware cell_errors {Agent=ats-daq-monitor}
ats-daq-monitor/Sum/Firmware/link_down lsst.sal.ATCamera.daq_mon_sum_firmware link_down {Agent=ats-daq-monitor}
ats-daq-monitor/Sum/Firmware/link_errors lsst.sal.ATCamera.daq_mon_sum_firmware link_errors {Agent=ats-daq-monitor}
ats-daq-monitor/Sum/Firmware/overflow_remote0 lsst.sal.ATCamera.daq_mon_sum_firmware overflow_remote0 {Agent=ats-daq-monitor}
ats-daq-monitor/Sum/Firmware/overflow_remote1 lsst.sal.ATCamera.daq_mon_sum_firmware overflow_remote1 {Agent=ats-daq-monitor}
ats-daq-monitor/Sum/Firmware/overflow_remote2 lsst.sal.ATCamera.daq_mon_sum_firmware overflow_remote2 {Agent=ats-daq-monitor}
ats-daq-monitor/Sum/Firmware/rx_errors lsst.sal.ATCamera.daq_mon_sum_firmware rx_errors {Agent=ats-daq-monitor}
ats-daq-monitor/Sum/Firmware/overflow_local0 lsst.sal.ATCamera.daq_mon_sum_firmware overflow_local0 {Agent=ats-daq-monitor}
ats-daq-monitor/Sum/Firmware/overflow_local1 lsst.sal.ATCamera.daq_mon_sum_firmware overflow_local1 {Agent=ats-daq-monitor}
ats-daq-monitor/Sum/Firmware/overflow_local2 lsst.sal.ATCamera.daq_mon_sum_firmware overflow_local2 {Agent=ats-daq-monitor}
ats-daq-monitor/Sum/Firmware/tx_errors lsst.sal.ATCamera.daq_mon_sum_firmware tx_errors {Agent=ats-daq-monitor}
ats-daq-monitor/Sum/Rds/discards lsst.sal.ATCamera.daq_mon_sum_rds discards {Agent=ats-daq-monitor}
ats-daq-monitor/Sum/Rds/no_event lsst.sal.ATCamera.daq_mon_sum_rds no_event {Agent=ats-daq-monitor}
ats-daq-monitor/Sum/Rds/bdi_nulls lsst.sal.ATCamera.daq_mon_sum_rds bdi_nulls {Agent=ats-daq-monitor}
ats-daq-monitor/Sum/Rds/bdi_seq_errors lsst.sal.ATCamera.daq_mon_sum_rds bdi_seq_errors {Agent=ats-daq-monitor}
ats-daq-monitor/Sum/Rds/bdi_overflows lsst.sal.ATCamera.daq_mon_sum_rds bdi_overflows {Agent=ats-daq-monitor}
ats-daq-monitor/Sum/Rms/unopened lsst.sal.ATCamera.daq_mon_sum_rms unopened {Agent=ats-daq-monitor}
ats-daq-monitor/Sum/Rms/in_reset lsst.sal.ATCamera.daq_mon_sum_rms in_reset {Agent=ats-daq-monitor}
ats-daq-monitor/Sum/Rms/link_down lsst.sal.ATCamera.daq_mon_sum_rms link_down {Agent=ats-daq-monitor}
ats-daq-monitor/Sum/Rms/inv_tids lsst.sal.ATCamera.daq_mon_sum_rms inv_tids {Agent=ats-daq-monitor}
ats-daq-monitor/Sum/Rms/orphans lsst.sal.ATCamera.daq_mon_sum_rms orphans {Agent=ats-daq-monitor}
ats-daq-monitor/store/Capacity lsst.sal.ATCamera.daq_mon_store Capacity {Agent=ats-daq-monitor}
ats-daq-monitor/store/FreeSpace lsst.sal.ATCamera.daq_mon_store FreeSpace {Agent=ats-daq-monitor}
ats-daq-monitor/store/FreeFraction lsst.sal.ATCamera.daq_mon_store FreeFraction {Agent=ats-daq-monitor}
ats-daq-monitor/store/FreeFraction/state lsst.sal.ATCamera.daq_mon_store FreeFraction_state {Agent=ats-daq-monitor}
ats-power/runtimeInfo/mapped/nBuffers lsst.sal.ATCamera.runtimeInfo_buffer_pool nBuffers {Buffer=mapped, Agent=ats-power}
ats-power/runtimeInfo/direct/nBuffers lsst.sal.ATCamera.runtimeInfo_buffer_pool nBuffers {Buffer=direct, Agent=ats-power}
ats-power/runtimeInfo/mapped - 'non-volatile memory'/nBuffers lsst.sal.ATCamera.runtimeInfo_buffer_pool nBuffers {Buffer=nonVolatile, Agent=ats-power}
ats-power/runtimeInfo/mapped/memoryUsed lsst.sal.ATCamera.runtimeInfo_buffer_pool memoryUsed {Buffer=mapped, Agent=ats-power}
ats-power/runtimeInfo/direct/memoryUsed lsst.sal.ATCamera.runtimeInfo_buffer_pool memoryUsed {Buffer=direct, Agent=ats-power}
ats-power/runtimeInfo/mapped - 'non-volatile memory'/memoryUsed lsst.sal.ATCamera.runtimeInfo_buffer_pool memoryUsed {Buffer=nonVolatile, Agent=ats-power}
ats-power/runtimeInfo/mapped/totalCapacity lsst.sal.ATCamera.runtimeInfo_buffer_pool totalCapacity {Buffer=mapped, Agent=ats-power}
ats-power/runtimeInfo/direct/totalCapacity lsst.sal.ATCamera.runtimeInfo_buffer_pool totalCapacity {Buffer=direct, Agent=ats-power}
ats-power/runtimeInfo/mapped - 'non-volatile memory'/totalCapacity lsst.sal.ATCamera.runtimeInfo_buffer_pool totalCapacity {Buffer=nonVolatile, Agent=ats-power}
ats-power/runtimeInfo/nThreads lsst.sal.ATCamera.runtimeInfo nThreads {Agent=ats-power}
ats-power/runtimeInfo/maxMemory lsst.sal.ATCamera.runtimeInfo maxMemory {Agent=ats-power}
ats-power/runtimeInfo/totalMemory lsst.sal.ATCamera.runtimeInfo totalMemory {Agent=ats-power}
ats-power/runtimeInfo/freeMemory lsst.sal.ATCamera.runtimeInfo freeMemory {Agent=ats-power}
ats-power/runtimeInfo/usedMemory lsst.sal.ATCamera.runtimeInfo usedMemory {Agent=ats-power}
ats-power/runtimeInfo/availableMemory lsst.sal.ATCamera.runtimeInfo availableMemory {Agent=ats-power}
ats-power/runtimeInfo/processCpuLoad lsst.sal.ATCamera.runtimeInfo processCpuLoad {Agent=ats-power}
ats-power/runtimeInfo/systemCpuLoad lsst.sal.ATCamera.runtimeInfo systemCpuLoad {Agent=ats-power}
ats-power/runtimeInfo/uptime lsst.sal.ATCamera.runtimeInfo uptime {Agent=ats-power}
ats-power/versions/agent/version lsst.sal.ATCamera.version version {VersionType=agent, Agent=ats-power}
ats-power/versions/toolkit/version lsst.sal.ATCamera.version version {VersionType=toolkit, Agent=ats-power}
ats-power/versions/distribution/version lsst.sal.ATCamera.version version {VersionType=distribution, Agent=ats-power}
ats-power/Digital_V lsst.sal.ATCamera.power V {Source=Digital, Agent=ats-power}
ats-power/Digital_V/state lsst.sal.ATCamera.power V_state {Source=Digital, Agent=ats-power}
ats-power/Digital_I lsst.sal.ATCamera.power I {Source=Digital, Agent=ats-power}
ats-power/Digital_I/state lsst.sal.ATCamera.power I_state {Source=Digital, Agent=ats-power}
ats-power/Analog_V lsst.sal.ATCamera.power V {Source=Analog, Agent=ats-power}
ats-power/Analog_V/state lsst.sal.ATCamera.power V_state {Source=Analog, Agent=ats-power}
ats-power/Analog_I lsst.sal.ATCamera.power I {Source=Analog, Agent=ats-power}
ats-power/Analog_I/state lsst.sal.ATCamera.power I_state {Source=Analog, Agent=ats-power}
ats-power/ClkHigh_V lsst.sal.ATCamera.power V {Source=ClkHigh, Agent=ats-power}
ats-power/ClkHigh_V/state lsst.sal.ATCamera.power V_state {Source=ClkHigh, Agent=ats-power}
ats-power/ClkHigh_I lsst.sal.ATCamera.power I {Source=ClkHigh, Agent=ats-power}
ats-power/ClkHigh_I/state lsst.sal.ATCamera.power I_state {Source=ClkHigh, Agent=ats-power}
ats-power/ClkLow_V lsst.sal.ATCamera.power V {Source=ClkLow, Agent=ats-power}
ats-power/ClkLow_V/state lsst.sal.ATCamera.power V_state {Source=ClkLow, Agent=ats-power}
ats-power/ClkLow_I lsst.sal.ATCamera.power I {Source=ClkLow, Agent=ats-power}
ats-power/ClkLow_I/state lsst.sal.ATCamera.power I_state {Source=ClkLow, Agent=ats-power}
ats-power/OD_V lsst.sal.ATCamera.power V {Source=OD, Agent=ats-power}
ats-power/OD_V/state lsst.sal.ATCamera.power V_state {Source=OD, Agent=ats-power}
ats-power/OD_I lsst.sal.ATCamera.power I {Source=OD, Agent=ats-power}
ats-power/OD_I/state lsst.sal.ATCamera.power I_state {Source=OD, Agent=ats-power}
ats-power/DPHI_V lsst.sal.ATCamera.power V {Source=DPHI, Agent=ats-power}
ats-power/DPHI_V/state lsst.sal.ATCamera.power V_state {Source=DPHI, Agent=ats-power}
ats-power/DPHI_I lsst.sal.ATCamera.power I {Source=DPHI, Agent=ats-power}
ats-power/DPHI_I/state lsst.sal.ATCamera.power I_state {Source=DPHI, Agent=ats-power}
ats-power/HVBias_V lsst.sal.ATCamera.power V {Source=HVBias, Agent=ats-power}
ats-power/HVBias_V/state lsst.sal.ATCamera.power V_state {Source=HVBias, Agent=ats-power}
ats-power/HVBias_I lsst.sal.ATCamera.power I {Source=HVBias, Agent=ats-power}
ats-power/HVBias_I/state lsst.sal.ATCamera.power I_state {Source=HVBias, Agent=ats-power}
ats-power/OTM_V lsst.sal.ATCamera.power V {Source=OTM, Agent=ats-power}
ats-power/OTM_V/state lsst.sal.ATCamera.power V_state {Source=OTM, Agent=ats-power}
ats-power/OTM_I lsst.sal.ATCamera.power I {Source=OTM, Agent=ats-power}
ats-power/OTM_I/state lsst.sal.ATCamera.power I_state {Source=OTM, Agent=ats-power}
ats-power/Fan_V lsst.sal.ATCamera.power V {Source=Fan, Agent=ats-power}
ats-power/Fan_V/state lsst.sal.ATCamera.power V_state {Source=Fan, Agent=ats-power}
ats-power/Fan_I lsst.sal.ATCamera.power I {Source=Fan, Agent=ats-power}
ats-power/Fan_I/state lsst.sal.ATCamera.power I_state {Source=Fan, Agent=ats-power}
ats-power/Aux_V lsst.sal.ATCamera.power V {Source=Aux, Agent=ats-power}
ats-power/Aux_V/state lsst.sal.ATCamera.power V_state {Source=Aux, Agent=ats-power}
ats-power/Aux_I lsst.sal.ATCamera.power I {Source=Aux, Agent=ats-power}
ats-power/Aux_I/state lsst.sal.ATCamera.power I_state {Source=Aux, Agent=ats-power}
ats/runtimeInfo/mapped/nBuffers lsst.sal.ATCamera.runtimeInfo_buffer_pool nBuffers {Buffer=mapped, Agent=ats}
ats/runtimeInfo/direct/nBuffers lsst.sal.ATCamera.runtimeInfo_buffer_pool nBuffers {Buffer=direct, Agent=ats}
ats/runtimeInfo/mapped - 'non-volatile memory'/nBuffers lsst.sal.ATCamera.runtimeInfo_buffer_pool nBuffers {Buffer=nonVolatile, Agent=ats}
ats/runtimeInfo/mapped/memoryUsed lsst.sal.ATCamera.runtimeInfo_buffer_pool memoryUsed {Buffer=mapped, Agent=ats}
ats/runtimeInfo/direct/memoryUsed lsst.sal.ATCamera.runtimeInfo_buffer_pool memoryUsed {Buffer=direct, Agent=ats}
ats/runtimeInfo/mapped - 'non-volatile memory'/memoryUsed lsst.sal.ATCamera.runtimeInfo_buffer_pool memoryUsed {Buffer=nonVolatile, Agent=ats}
ats/runtimeInfo/mapped/totalCapacity lsst.sal.ATCamera.runtimeInfo_buffer_pool totalCapacity {Buffer=mapped, Agent=ats}
ats/runtimeInfo/direct/totalCapacity lsst.sal.ATCamera.runtimeInfo_buffer_pool totalCapacity {Buffer=direct, Agent=ats}
ats/runtimeInfo/mapped - 'non-volatile memory'/totalCapacity lsst.sal.ATCamera.runtimeInfo_buffer_pool totalCapacity {Buffer=nonVolatile, Agent=ats}
ats/runtimeInfo/nThreads lsst.sal.ATCamera.runtimeInfo nThreads {Agent=ats}
ats/runtimeInfo/maxMemory lsst.sal.ATCamera.runtimeInfo maxMemory {Agent=ats}
ats/runtimeInfo/totalMemory lsst.sal.ATCamera.runtimeInfo totalMemory {Agent=ats}
ats/runtimeInfo/freeMemory lsst.sal.ATCamera.runtimeInfo freeMemory {Agent=ats}
ats/runtimeInfo/usedMemory lsst.sal.ATCamera.runtimeInfo usedMemory {Agent=ats}
ats/runtimeInfo/availableMemory lsst.sal.ATCamera.runtimeInfo availableMemory {Agent=ats}
ats/runtimeInfo/processCpuLoad lsst.sal.ATCamera.runtimeInfo processCpuLoad {Agent=ats}
ats/runtimeInfo/systemCpuLoad lsst.sal.ATCamera.runtimeInfo systemCpuLoad {Agent=ats}
ats/runtimeInfo/uptime lsst.sal.ATCamera.runtimeInfo uptime {Agent=ats}
ats/versions/agent/version lsst.sal.ATCamera.version version {VersionType=agent, Agent=ats}
ats/versions/toolkit/version lsst.sal.ATCamera.version version {VersionType=toolkit, Agent=ats}
ats/versions/distribution/version lsst.sal.ATCamera.version version {VersionType=distribution, Agent=ats}
ats/TempCCD lsst.sal.ATCamera.ats TempCCD {Agent=ats}
ats/TempCCD/state lsst.sal.ATCamera.ats TempCCD_state {Agent=ats}
ats/TempCryoHead lsst.sal.ATCamera.ats TempCryoHead {Agent=ats}
ats/TempCryoHead/state lsst.sal.ATCamera.ats TempCryoHead_state {Agent=ats}
ats/TempColdPlate lsst.sal.ATCamera.ats TempColdPlate {Agent=ats}
ats/TempColdPlate/state lsst.sal.ATCamera.ats TempColdPlate_state {Agent=ats}
ats/TempCCDSetPoint lsst.sal.ATCamera.ats TempCCDSetPoint {Agent=ats}
ats/TempCCDSetPoint/state lsst.sal.ATCamera.ats TempCCDSetPoint_state {Agent=ats}
ats/Vacuum lsst.sal.ATCamera.ats Vacuum {Agent=ats}
ats/Vacuum/state lsst.sal.ATCamera.ats Vacuum_state {Agent=ats}
bonn-shutter/runtimeInfo/mapped/nBuffers lsst.sal.ATCamera.runtimeInfo_buffer_pool nBuffers {Buffer=mapped, Agent=bonn-shutter}
bonn-shutter/runtimeInfo/direct/nBuffers lsst.sal.ATCamera.runtimeInfo_buffer_pool nBuffers {Buffer=direct, Agent=bonn-shutter}
bonn-shutter/runtimeInfo/mapped - 'non-volatile memory'/nBuffers lsst.sal.ATCamera.runtimeInfo_buffer_pool nBuffers {Buffer=nonVolatile, Agent=bonn-shutter}
bonn-shutter/runtimeInfo/mapped/memoryUsed lsst.sal.ATCamera.runtimeInfo_buffer_pool memoryUsed {Buffer=mapped, Agent=bonn-shutter}
bonn-shutter/runtimeInfo/direct/memoryUsed lsst.sal.ATCamera.runtimeInfo_buffer_pool memoryUsed {Buffer=direct, Agent=bonn-shutter}
bonn-shutter/runtimeInfo/mapped - 'non-volatile memory'/memoryUsed lsst.sal.ATCamera.runtimeInfo_buffer_pool memoryUsed {Buffer=nonVolatile, Agent=bonn-shutter}
bonn-shutter/runtimeInfo/mapped/totalCapacity lsst.sal.ATCamera.runtimeInfo_buffer_pool totalCapacity {Buffer=mapped, Agent=bonn-shutter}
bonn-shutter/runtimeInfo/direct/totalCapacity lsst.sal.ATCamera.runtimeInfo_buffer_pool totalCapacity {Buffer=direct, Agent=bonn-shutter}
bonn-shutter/runtimeInfo/mapped - 'non-volatile memory'/totalCapacity lsst.sal.ATCamera.runtimeInfo_buffer_pool totalCapacity {Buffer=nonVolatile, Agent=bonn-shutter}
bonn-shutter/runtimeInfo/nThreads lsst.sal.ATCamera.runtimeInfo nThreads {Agent=bonn-shutter}
bonn-shutter/runtimeInfo/maxMemory lsst.sal.ATCamera.runtimeInfo maxMemory {Agent=bonn-shutter}
bonn-shutter/runtimeInfo/totalMemory lsst.sal.ATCamera.runtimeInfo totalMemory {Agent=bonn-shutter}
bonn-shutter/runtimeInfo/freeMemory lsst.sal.ATCamera.runtimeInfo freeMemory {Agent=bonn-shutter}
bonn-shutter/runtimeInfo/usedMemory lsst.sal.ATCamera.runtimeInfo usedMemory {Agent=bonn-shutter}
bonn-shutter/runtimeInfo/availableMemory lsst.sal.ATCamera.runtimeInfo availableMemory {Agent=bonn-shutter}
bonn-shutter/runtimeInfo/processCpuLoad lsst.sal.ATCamera.runtimeInfo processCpuLoad {Agent=bonn-shutter}
bonn-shutter/runtimeInfo/systemCpuLoad lsst.sal.ATCamera.runtimeInfo systemCpuLoad {Agent=bonn-shutter}
bonn-shutter/runtimeInfo/uptime lsst.sal.ATCamera.runtimeInfo uptime {Agent=bonn-shutter}
bonn-shutter/versions/agent/version lsst.sal.ATCamera.version version {VersionType=agent, Agent=bonn-shutter}
bonn-shutter/versions/toolkit/version lsst.sal.ATCamera.version version {VersionType=toolkit, Agent=bonn-shutter}
bonn-shutter/versions/distribution/version lsst.sal.ATCamera.version version {VersionType=distribution, Agent=bonn-shutter}
bonn-shutter/Device/Bonn_V5 lsst.sal.ATCamera.bonn_shutter V5 {Agent=bonn-shutter}
bonn-shutter/Device/Bonn_V5/state lsst.sal.ATCamera.bonn_shutter V5_state {Agent=bonn-shutter}
bonn-shutter/Device/Bonn_V36 lsst.sal.ATCamera.bonn_shutter V36 {Agent=bonn-shutter}
bonn-shutter/Device/Bonn_V36/state lsst.sal.ATCamera.bonn_shutter V36_state {Agent=bonn-shutter}
ats-ih/runtimeInfo/mapped/nBuffers lsst.sal.ATCamera.runtimeInfo_buffer_pool nBuffers {Buffer=mapped, Agent=ats-ih}
ats-ih/runtimeInfo/direct/nBuffers lsst.sal.ATCamera.runtimeInfo_buffer_pool nBuffers {Buffer=direct, Agent=ats-ih}
ats-ih/runtimeInfo/mapped - 'non-volatile memory'/nBuffers lsst.sal.ATCamera.runtimeInfo_buffer_pool nBuffers {Buffer=nonVolatile, Agent=ats-ih}
ats-ih/runtimeInfo/mapped/memoryUsed lsst.sal.ATCamera.runtimeInfo_buffer_pool memoryUsed {Buffer=mapped, Agent=ats-ih}
ats-ih/runtimeInfo/direct/memoryUsed lsst.sal.ATCamera.runtimeInfo_buffer_pool memoryUsed {Buffer=direct, Agent=ats-ih}
ats-ih/runtimeInfo/mapped - 'non-volatile memory'/memoryUsed lsst.sal.ATCamera.runtimeInfo_buffer_pool memoryUsed {Buffer=nonVolatile, Agent=ats-ih}
ats-ih/runtimeInfo/mapped/totalCapacity lsst.sal.ATCamera.runtimeInfo_buffer_pool totalCapacity {Buffer=mapped, Agent=ats-ih}
ats-ih/runtimeInfo/direct/totalCapacity lsst.sal.ATCamera.runtimeInfo_buffer_pool totalCapacity {Buffer=direct, Agent=ats-ih}
ats-ih/runtimeInfo/mapped - 'non-volatile memory'/totalCapacity lsst.sal.ATCamera.runtimeInfo_buffer_pool totalCapacity {Buffer=nonVolatile, Agent=ats-ih}
ats-ih/runtimeInfo/nThreads lsst.sal.ATCamera.runtimeInfo nThreads {Agent=ats-ih}
ats-ih/runtimeInfo/maxMemory lsst.sal.ATCamera.runtimeInfo maxMemory {Agent=ats-ih}
ats-ih/runtimeInfo/totalMemory lsst.sal.ATCamera.runtimeInfo totalMemory {Agent=ats-ih}
ats-ih/runtimeInfo/freeMemory lsst.sal.ATCamera.runtimeInfo freeMemory {Agent=ats-ih}
ats-ih/runtimeInfo/usedMemory lsst.sal.ATCamera.runtimeInfo usedMemory {Agent=ats-ih}
ats-ih/runtimeInfo/availableMemory lsst.sal.ATCamera.runtimeInfo availableMemory {Agent=ats-ih}
ats-ih/runtimeInfo/processCpuLoad lsst.sal.ATCamera.runtimeInfo processCpuLoad {Agent=ats-ih}
ats-ih/runtimeInfo/systemCpuLoad lsst.sal.ATCamera.runtimeInfo systemCpuLoad {Agent=ats-ih}
ats-ih/runtimeInfo/uptime lsst.sal.ATCamera.runtimeInfo uptime {Agent=ats-ih}
ats-ih/versions/agent/version lsst.sal.ATCamera.version version {VersionType=agent, Agent=ats-ih}
ats-ih/versions/toolkit/version lsst.sal.ATCamera.version version {VersionType=toolkit, Agent=ats-ih}
ats-ih/versions/distribution/version lsst.sal.ATCamera.version version {VersionType=distribution, Agent=ats-ih}
